Archive member included because of file (symbol)

c:/program files (x86)/gnu tools arm embedded/4.9 2015q3/bin/../lib/gcc/arm-none-eabi/4.9.3/../../../../arm-none-eabi/lib/armv7e-m\libc.a(lib_a-exit.o)
                              c:/program files (x86)/gnu tools arm embedded/4.9 2015q3/bin/../lib/gcc/arm-none-eabi/4.9.3/../../../../arm-none-eabi/lib/armv7e-m/crt0.o (exit)
c:/program files (x86)/gnu tools arm embedded/4.9 2015q3/bin/../lib/gcc/arm-none-eabi/4.9.3/../../../../arm-none-eabi/lib/armv7e-m\libc.a(lib_a-impure.o)
                              c:/program files (x86)/gnu tools arm embedded/4.9 2015q3/bin/../lib/gcc/arm-none-eabi/4.9.3/../../../../arm-none-eabi/lib/armv7e-m\libc.a(lib_a-exit.o) (_global_impure_ptr)
c:/program files (x86)/gnu tools arm embedded/4.9 2015q3/bin/../lib/gcc/arm-none-eabi/4.9.3/../../../../arm-none-eabi/lib/armv7e-m\libc.a(lib_a-init.o)
                              c:/program files (x86)/gnu tools arm embedded/4.9 2015q3/bin/../lib/gcc/arm-none-eabi/4.9.3/../../../../arm-none-eabi/lib/armv7e-m/crt0.o (__libc_init_array)
c:/program files (x86)/gnu tools arm embedded/4.9 2015q3/bin/../lib/gcc/arm-none-eabi/4.9.3/../../../../arm-none-eabi/lib/armv7e-m\libc.a(lib_a-memset.o)
                              c:/program files (x86)/gnu tools arm embedded/4.9 2015q3/bin/../lib/gcc/arm-none-eabi/4.9.3/../../../../arm-none-eabi/lib/armv7e-m/crt0.o (memset)
c:/program files (x86)/gnu tools arm embedded/4.9 2015q3/bin/../lib/gcc/arm-none-eabi/4.9.3/../../../../arm-none-eabi/lib/armv7e-m\libc.a(lib_a-__call_atexit.o)
                              c:/program files (x86)/gnu tools arm embedded/4.9 2015q3/bin/../lib/gcc/arm-none-eabi/4.9.3/../../../../arm-none-eabi/lib/armv7e-m\libc.a(lib_a-exit.o) (__call_exitprocs)
c:/program files (x86)/gnu tools arm embedded/4.9 2015q3/bin/../lib/gcc/arm-none-eabi/4.9.3/../../../../arm-none-eabi/lib/armv7e-m\libc.a(lib_a-atexit.o)
                              c:/program files (x86)/gnu tools arm embedded/4.9 2015q3/bin/../lib/gcc/arm-none-eabi/4.9.3/../../../../arm-none-eabi/lib/armv7e-m\libc.a(lib_a-__call_atexit.o) (atexit)
c:/program files (x86)/gnu tools arm embedded/4.9 2015q3/bin/../lib/gcc/arm-none-eabi/4.9.3/../../../../arm-none-eabi/lib/armv7e-m\libc.a(lib_a-fini.o)
                              c:/program files (x86)/gnu tools arm embedded/4.9 2015q3/bin/../lib/gcc/arm-none-eabi/4.9.3/../../../../arm-none-eabi/lib/armv7e-m\libc.a(lib_a-__call_atexit.o) (__libc_fini_array)
c:/program files (x86)/gnu tools arm embedded/4.9 2015q3/bin/../lib/gcc/arm-none-eabi/4.9.3/../../../../arm-none-eabi/lib/armv7e-m\libc.a(lib_a-__atexit.o)
                              c:/program files (x86)/gnu tools arm embedded/4.9 2015q3/bin/../lib/gcc/arm-none-eabi/4.9.3/../../../../arm-none-eabi/lib/armv7e-m\libc.a(lib_a-atexit.o) (__register_exitproc)

Allocating common symbols
Common symbol       size              file

tm_int_usb_vcp_buf_in
                    0x4               ..\obj\tm_stm32f4_usb_vcp.o
ticker              0x4               ..\obj\main.o
tm_int_usb_vcp_buf_num
                    0x4               ..\obj\tm_stm32f4_usb_vcp.o
tm_int_usb_vcp_buf_out
                    0x4               ..\obj\tm_stm32f4_usb_vcp.o
SET_TEST_MODE       0x4               ..\obj\usbd_core.o
TM_INT_USB_VCP_ReceiveBuffer
                    0x80              ..\obj\tm_stm32f4_usb_vcp.o
downTicker          0x4               ..\obj\main.o
USB_Rx_Buffer       0x40              ..\obj\usbd_cdc_core.o
CmdBuff             0x8               ..\obj\usbd_cdc_core.o
USB_OTG_dev         0x5f4             ..\obj\tm_stm32f4_usb_vcp.o
APP_Rx_Buffer       0x800             ..\obj\usbd_cdc_core.o
USBD_StrDesc        0xff              ..\obj\usbd_req.o

Discarded input sections

 .text          0x00000000        0x0 c:/program files (x86)/gnu tools arm embedded/4.9 2015q3/bin/../lib/gcc/arm-none-eabi/4.9.3/armv7e-m/crti.o
 .data          0x00000000        0x0 c:/program files (x86)/gnu tools arm embedded/4.9 2015q3/bin/../lib/gcc/arm-none-eabi/4.9.3/armv7e-m/crti.o
 .bss           0x00000000        0x0 c:/program files (x86)/gnu tools arm embedded/4.9 2015q3/bin/../lib/gcc/arm-none-eabi/4.9.3/armv7e-m/crti.o
 .data          0x00000000        0x4 c:/program files (x86)/gnu tools arm embedded/4.9 2015q3/bin/../lib/gcc/arm-none-eabi/4.9.3/armv7e-m/crtbegin.o
 .text          0x00000000       0x74 c:/program files (x86)/gnu tools arm embedded/4.9 2015q3/bin/../lib/gcc/arm-none-eabi/4.9.3/../../../../arm-none-eabi/lib/armv7e-m/crt0.o
 .data          0x00000000        0x0 c:/program files (x86)/gnu tools arm embedded/4.9 2015q3/bin/../lib/gcc/arm-none-eabi/4.9.3/../../../../arm-none-eabi/lib/armv7e-m/crt0.o
 .bss           0x00000000        0x0 c:/program files (x86)/gnu tools arm embedded/4.9 2015q3/bin/../lib/gcc/arm-none-eabi/4.9.3/../../../../arm-none-eabi/lib/armv7e-m/crt0.o
 .ARM.extab     0x00000000        0x0 c:/program files (x86)/gnu tools arm embedded/4.9 2015q3/bin/../lib/gcc/arm-none-eabi/4.9.3/../../../../arm-none-eabi/lib/armv7e-m/crt0.o
 .ARM.exidx     0x00000000        0x8 c:/program files (x86)/gnu tools arm embedded/4.9 2015q3/bin/../lib/gcc/arm-none-eabi/4.9.3/../../../../arm-none-eabi/lib/armv7e-m/crt0.o
 .ARM.attributes
                0x00000000       0x1c c:/program files (x86)/gnu tools arm embedded/4.9 2015q3/bin/../lib/gcc/arm-none-eabi/4.9.3/../../../../arm-none-eabi/lib/armv7e-m/crt0.o
 .text          0x00000000        0x0 c:/program files (x86)/gnu tools arm embedded/4.9 2015q3/bin/../lib/gcc/arm-none-eabi/4.9.3/../../../../arm-none-eabi/lib/armv7e-m\libc.a(lib_a-exit.o)
 .data          0x00000000        0x0 c:/program files (x86)/gnu tools arm embedded/4.9 2015q3/bin/../lib/gcc/arm-none-eabi/4.9.3/../../../../arm-none-eabi/lib/armv7e-m\libc.a(lib_a-exit.o)
 .bss           0x00000000        0x0 c:/program files (x86)/gnu tools arm embedded/4.9 2015q3/bin/../lib/gcc/arm-none-eabi/4.9.3/../../../../arm-none-eabi/lib/armv7e-m\libc.a(lib_a-exit.o)
 .text.exit     0x00000000       0x20 c:/program files (x86)/gnu tools arm embedded/4.9 2015q3/bin/../lib/gcc/arm-none-eabi/4.9.3/../../../../arm-none-eabi/lib/armv7e-m\libc.a(lib_a-exit.o)
 .debug_frame   0x00000000       0x28 c:/program files (x86)/gnu tools arm embedded/4.9 2015q3/bin/../lib/gcc/arm-none-eabi/4.9.3/../../../../arm-none-eabi/lib/armv7e-m\libc.a(lib_a-exit.o)
 .ARM.attributes
                0x00000000       0x2e c:/program files (x86)/gnu tools arm embedded/4.9 2015q3/bin/../lib/gcc/arm-none-eabi/4.9.3/../../../../arm-none-eabi/lib/armv7e-m\libc.a(lib_a-exit.o)
 .text          0x00000000        0x0 c:/program files (x86)/gnu tools arm embedded/4.9 2015q3/bin/../lib/gcc/arm-none-eabi/4.9.3/../../../../arm-none-eabi/lib/armv7e-m\libc.a(lib_a-impure.o)
 .data          0x00000000        0x0 c:/program files (x86)/gnu tools arm embedded/4.9 2015q3/bin/../lib/gcc/arm-none-eabi/4.9.3/../../../../arm-none-eabi/lib/armv7e-m\libc.a(lib_a-impure.o)
 .bss           0x00000000        0x0 c:/program files (x86)/gnu tools arm embedded/4.9 2015q3/bin/../lib/gcc/arm-none-eabi/4.9.3/../../../../arm-none-eabi/lib/armv7e-m\libc.a(lib_a-impure.o)
 .data._impure_ptr
                0x00000000        0x4 c:/program files (x86)/gnu tools arm embedded/4.9 2015q3/bin/../lib/gcc/arm-none-eabi/4.9.3/../../../../arm-none-eabi/lib/armv7e-m\libc.a(lib_a-impure.o)
 .ARM.attributes
                0x00000000       0x2e c:/program files (x86)/gnu tools arm embedded/4.9 2015q3/bin/../lib/gcc/arm-none-eabi/4.9.3/../../../../arm-none-eabi/lib/armv7e-m\libc.a(lib_a-impure.o)
 .text          0x00000000        0x0 c:/program files (x86)/gnu tools arm embedded/4.9 2015q3/bin/../lib/gcc/arm-none-eabi/4.9.3/../../../../arm-none-eabi/lib/armv7e-m\libc.a(lib_a-init.o)
 .data          0x00000000        0x0 c:/program files (x86)/gnu tools arm embedded/4.9 2015q3/bin/../lib/gcc/arm-none-eabi/4.9.3/../../../../arm-none-eabi/lib/armv7e-m\libc.a(lib_a-init.o)
 .bss           0x00000000        0x0 c:/program files (x86)/gnu tools arm embedded/4.9 2015q3/bin/../lib/gcc/arm-none-eabi/4.9.3/../../../../arm-none-eabi/lib/armv7e-m\libc.a(lib_a-init.o)
 .debug_frame   0x00000000       0x2c c:/program files (x86)/gnu tools arm embedded/4.9 2015q3/bin/../lib/gcc/arm-none-eabi/4.9.3/../../../../arm-none-eabi/lib/armv7e-m\libc.a(lib_a-init.o)
 .ARM.attributes
                0x00000000       0x2e c:/program files (x86)/gnu tools arm embedded/4.9 2015q3/bin/../lib/gcc/arm-none-eabi/4.9.3/../../../../arm-none-eabi/lib/armv7e-m\libc.a(lib_a-init.o)
 .text          0x00000000        0x0 c:/program files (x86)/gnu tools arm embedded/4.9 2015q3/bin/../lib/gcc/arm-none-eabi/4.9.3/../../../../arm-none-eabi/lib/armv7e-m\libc.a(lib_a-memset.o)
 .data          0x00000000        0x0 c:/program files (x86)/gnu tools arm embedded/4.9 2015q3/bin/../lib/gcc/arm-none-eabi/4.9.3/../../../../arm-none-eabi/lib/armv7e-m\libc.a(lib_a-memset.o)
 .bss           0x00000000        0x0 c:/program files (x86)/gnu tools arm embedded/4.9 2015q3/bin/../lib/gcc/arm-none-eabi/4.9.3/../../../../arm-none-eabi/lib/armv7e-m\libc.a(lib_a-memset.o)
 .text.memset   0x00000000       0x9c c:/program files (x86)/gnu tools arm embedded/4.9 2015q3/bin/../lib/gcc/arm-none-eabi/4.9.3/../../../../arm-none-eabi/lib/armv7e-m\libc.a(lib_a-memset.o)
 .debug_frame   0x00000000       0x34 c:/program files (x86)/gnu tools arm embedded/4.9 2015q3/bin/../lib/gcc/arm-none-eabi/4.9.3/../../../../arm-none-eabi/lib/armv7e-m\libc.a(lib_a-memset.o)
 .ARM.attributes
                0x00000000       0x2e c:/program files (x86)/gnu tools arm embedded/4.9 2015q3/bin/../lib/gcc/arm-none-eabi/4.9.3/../../../../arm-none-eabi/lib/armv7e-m\libc.a(lib_a-memset.o)
 .text          0x00000000        0x0 c:/program files (x86)/gnu tools arm embedded/4.9 2015q3/bin/../lib/gcc/arm-none-eabi/4.9.3/../../../../arm-none-eabi/lib/armv7e-m\libc.a(lib_a-__call_atexit.o)
 .data          0x00000000        0x0 c:/program files (x86)/gnu tools arm embedded/4.9 2015q3/bin/../lib/gcc/arm-none-eabi/4.9.3/../../../../arm-none-eabi/lib/armv7e-m\libc.a(lib_a-__call_atexit.o)
 .bss           0x00000000        0x0 c:/program files (x86)/gnu tools arm embedded/4.9 2015q3/bin/../lib/gcc/arm-none-eabi/4.9.3/../../../../arm-none-eabi/lib/armv7e-m\libc.a(lib_a-__call_atexit.o)
 .text.__call_exitprocs
                0x00000000       0xd4 c:/program files (x86)/gnu tools arm embedded/4.9 2015q3/bin/../lib/gcc/arm-none-eabi/4.9.3/../../../../arm-none-eabi/lib/armv7e-m\libc.a(lib_a-__call_atexit.o)
 .debug_frame   0x00000000       0x50 c:/program files (x86)/gnu tools arm embedded/4.9 2015q3/bin/../lib/gcc/arm-none-eabi/4.9.3/../../../../arm-none-eabi/lib/armv7e-m\libc.a(lib_a-__call_atexit.o)
 .ARM.attributes
                0x00000000       0x2e c:/program files (x86)/gnu tools arm embedded/4.9 2015q3/bin/../lib/gcc/arm-none-eabi/4.9.3/../../../../arm-none-eabi/lib/armv7e-m\libc.a(lib_a-__call_atexit.o)
 .text          0x00000000        0x0 c:/program files (x86)/gnu tools arm embedded/4.9 2015q3/bin/../lib/gcc/arm-none-eabi/4.9.3/../../../../arm-none-eabi/lib/armv7e-m\libc.a(lib_a-atexit.o)
 .data          0x00000000        0x0 c:/program files (x86)/gnu tools arm embedded/4.9 2015q3/bin/../lib/gcc/arm-none-eabi/4.9.3/../../../../arm-none-eabi/lib/armv7e-m\libc.a(lib_a-atexit.o)
 .bss           0x00000000        0x0 c:/program files (x86)/gnu tools arm embedded/4.9 2015q3/bin/../lib/gcc/arm-none-eabi/4.9.3/../../../../arm-none-eabi/lib/armv7e-m\libc.a(lib_a-atexit.o)
 .debug_frame   0x00000000       0x20 c:/program files (x86)/gnu tools arm embedded/4.9 2015q3/bin/../lib/gcc/arm-none-eabi/4.9.3/../../../../arm-none-eabi/lib/armv7e-m\libc.a(lib_a-atexit.o)
 .ARM.attributes
                0x00000000       0x2e c:/program files (x86)/gnu tools arm embedded/4.9 2015q3/bin/../lib/gcc/arm-none-eabi/4.9.3/../../../../arm-none-eabi/lib/armv7e-m\libc.a(lib_a-atexit.o)
 .text          0x00000000        0x0 c:/program files (x86)/gnu tools arm embedded/4.9 2015q3/bin/../lib/gcc/arm-none-eabi/4.9.3/../../../../arm-none-eabi/lib/armv7e-m\libc.a(lib_a-fini.o)
 .data          0x00000000        0x0 c:/program files (x86)/gnu tools arm embedded/4.9 2015q3/bin/../lib/gcc/arm-none-eabi/4.9.3/../../../../arm-none-eabi/lib/armv7e-m\libc.a(lib_a-fini.o)
 .bss           0x00000000        0x0 c:/program files (x86)/gnu tools arm embedded/4.9 2015q3/bin/../lib/gcc/arm-none-eabi/4.9.3/../../../../arm-none-eabi/lib/armv7e-m\libc.a(lib_a-fini.o)
 .debug_frame   0x00000000       0x34 c:/program files (x86)/gnu tools arm embedded/4.9 2015q3/bin/../lib/gcc/arm-none-eabi/4.9.3/../../../../arm-none-eabi/lib/armv7e-m\libc.a(lib_a-fini.o)
 .ARM.attributes
                0x00000000       0x2e c:/program files (x86)/gnu tools arm embedded/4.9 2015q3/bin/../lib/gcc/arm-none-eabi/4.9.3/../../../../arm-none-eabi/lib/armv7e-m\libc.a(lib_a-fini.o)
 .text          0x00000000        0x0 c:/program files (x86)/gnu tools arm embedded/4.9 2015q3/bin/../lib/gcc/arm-none-eabi/4.9.3/../../../../arm-none-eabi/lib/armv7e-m\libc.a(lib_a-__atexit.o)
 .data          0x00000000        0x0 c:/program files (x86)/gnu tools arm embedded/4.9 2015q3/bin/../lib/gcc/arm-none-eabi/4.9.3/../../../../arm-none-eabi/lib/armv7e-m\libc.a(lib_a-__atexit.o)
 .bss           0x00000000        0x0 c:/program files (x86)/gnu tools arm embedded/4.9 2015q3/bin/../lib/gcc/arm-none-eabi/4.9.3/../../../../arm-none-eabi/lib/armv7e-m\libc.a(lib_a-__atexit.o)
 .debug_frame   0x00000000       0x34 c:/program files (x86)/gnu tools arm embedded/4.9 2015q3/bin/../lib/gcc/arm-none-eabi/4.9.3/../../../../arm-none-eabi/lib/armv7e-m\libc.a(lib_a-__atexit.o)
 .ARM.attributes
                0x00000000       0x2e c:/program files (x86)/gnu tools arm embedded/4.9 2015q3/bin/../lib/gcc/arm-none-eabi/4.9.3/../../../../arm-none-eabi/lib/armv7e-m\libc.a(lib_a-__atexit.o)
 .bss           0x00000000        0x0 ..\obj\usbd_cdc_vcp.o
 .data          0x00000000        0x0 ..\obj\usb_bsp.o
 .bss           0x00000000        0x0 ..\obj\usb_bsp.o
 .data          0x00000000        0x0 ..\obj\stm32f4xx_gpio.o
 .bss           0x00000000        0x0 ..\obj\stm32f4xx_gpio.o
 .data          0x00000000        0x0 ..\obj\misc.o
 .bss           0x00000000        0x0 ..\obj\misc.o
 .data          0x00000000        0x0 ..\obj\usb_core.o
 .bss           0x00000000        0x0 ..\obj\usb_core.o
 .data          0x00000000        0x0 ..\obj\tm_stm32f4_usb_vcp.o
 .data          0x00000000        0x0 ..\obj\main.o
 .bss           0x00000000        0x0 ..\obj\main.o
 .bss           0x00000000        0x0 ..\obj\usbd_core.o
 .bss           0x00000000        0x0 ..\obj\usbd_usr.o
 .text          0x00000000     0x16c0 ..\obj\stm32f4xx_usart.o
 .data          0x00000000        0x0 ..\obj\stm32f4xx_usart.o
 .bss           0x00000000        0x0 ..\obj\stm32f4xx_usart.o
 .debug_info    0x00000000      0xb21 ..\obj\stm32f4xx_usart.o
 .debug_abbrev  0x00000000      0x185 ..\obj\stm32f4xx_usart.o
 .debug_aranges
                0x00000000       0x20 ..\obj\stm32f4xx_usart.o
 .debug_line    0x00000000      0xe05 ..\obj\stm32f4xx_usart.o
 .debug_str     0x00000000      0x6cb ..\obj\stm32f4xx_usart.o
 .comment       0x00000000       0x71 ..\obj\stm32f4xx_usart.o
 .debug_frame   0x00000000      0x430 ..\obj\stm32f4xx_usart.o
 .ARM.attributes
                0x00000000       0x33 ..\obj\stm32f4xx_usart.o
 .data          0x00000000        0x0 ..\obj\usb_dcd.o
 .bss           0x00000000        0x0 ..\obj\usb_dcd.o
 .data          0x00000000        0x0 ..\obj\stm32f4xx_exti.o
 .bss           0x00000000        0x0 ..\obj\stm32f4xx_exti.o
 .data          0x00000000        0x0 ..\obj\usb_dcd_int.o
 .bss           0x00000000        0x0 ..\obj\usb_dcd_int.o
 .data          0x00000000        0x0 ..\obj\stm32f4xx_it.o
 .bss           0x00000000        0x0 ..\obj\stm32f4xx_it.o
 .bss           0x00000000        0x0 ..\obj\system_stm32f4xx.o
 .data          0x00000000        0x0 ..\obj\usbd_req.o
 .bss           0x00000000        0x0 ..\obj\usbd_desc.o
 .data          0x00000000        0x0 ..\obj\usbd_ioreq.o
 .bss           0x00000000        0x0 ..\obj\usbd_ioreq.o
 .text          0x00000000       0x14 ..\obj\startup_stm32f429xx.o
 .data          0x00000000        0x0 ..\obj\startup_stm32f429xx.o
 .bss           0x00000000        0x0 ..\obj\startup_stm32f429xx.o
 .bss           0x00000000        0x0 ..\obj\stm32f4xx_rcc.o
 .text          0x00000000        0x0 c:/program files (x86)/gnu tools arm embedded/4.9 2015q3/bin/../lib/gcc/arm-none-eabi/4.9.3/armv7e-m/crtend.o
 .data          0x00000000        0x0 c:/program files (x86)/gnu tools arm embedded/4.9 2015q3/bin/../lib/gcc/arm-none-eabi/4.9.3/armv7e-m/crtend.o
 .bss           0x00000000        0x0 c:/program files (x86)/gnu tools arm embedded/4.9 2015q3/bin/../lib/gcc/arm-none-eabi/4.9.3/armv7e-m/crtend.o
 .eh_frame      0x00000000        0x4 c:/program files (x86)/gnu tools arm embedded/4.9 2015q3/bin/../lib/gcc/arm-none-eabi/4.9.3/armv7e-m/crtend.o
 .jcr           0x00000000        0x4 c:/program files (x86)/gnu tools arm embedded/4.9 2015q3/bin/../lib/gcc/arm-none-eabi/4.9.3/armv7e-m/crtend.o
 .ARM.attributes
                0x00000000       0x2e c:/program files (x86)/gnu tools arm embedded/4.9 2015q3/bin/../lib/gcc/arm-none-eabi/4.9.3/armv7e-m/crtend.o
 .text          0x00000000        0x0 c:/program files (x86)/gnu tools arm embedded/4.9 2015q3/bin/../lib/gcc/arm-none-eabi/4.9.3/armv7e-m/crtn.o
 .data          0x00000000        0x0 c:/program files (x86)/gnu tools arm embedded/4.9 2015q3/bin/../lib/gcc/arm-none-eabi/4.9.3/armv7e-m/crtn.o
 .bss           0x00000000        0x0 c:/program files (x86)/gnu tools arm embedded/4.9 2015q3/bin/../lib/gcc/arm-none-eabi/4.9.3/armv7e-m/crtn.o

Memory Configuration

Name             Origin             Length             Attributes
FLASH            0x08000000         0x00200000         xr
RAM              0x20000000         0x00030000         xrw
CCMRAM           0x10000000         0x00010000         rw
*default*        0x00000000         0xffffffff

Linker script and memory map

LOAD c:/program files (x86)/gnu tools arm embedded/4.9 2015q3/bin/../lib/gcc/arm-none-eabi/4.9.3/armv7e-m/crti.o
LOAD c:/program files (x86)/gnu tools arm embedded/4.9 2015q3/bin/../lib/gcc/arm-none-eabi/4.9.3/armv7e-m/crtbegin.o
LOAD c:/program files (x86)/gnu tools arm embedded/4.9 2015q3/bin/../lib/gcc/arm-none-eabi/4.9.3/../../../../arm-none-eabi/lib/armv7e-m/crt0.o
                0x2002ffff                _estack = 0x2002ffff
                0x00000200                _Min_Heap_Size = 0x200
                0x00000400                _Min_Stack_Size = 0x400

.isr_vector     0x08000000      0x1ac
                0x08000000                . = ALIGN (0x4)
 *(.isr_vector)
 .isr_vector    0x08000000      0x1ac ..\obj\startup_stm32f429xx.o
                0x08000000                g_pfnVectors
                0x080001ac                . = ALIGN (0x4)

.text           0x080001ac     0x5c0c
                0x080001ac                . = ALIGN (0x4)
 *(.text)
 .text          0x080001ac       0x5c c:/program files (x86)/gnu tools arm embedded/4.9 2015q3/bin/../lib/gcc/arm-none-eabi/4.9.3/armv7e-m/crtbegin.o
 .text          0x08000208      0x218 ..\obj\usbd_cdc_vcp.o
                0x08000388                VCP_DataTx
                0x080003e8                VCP_DataRx
 .text          0x08000420      0x1d8 ..\obj\usb_bsp.o
                0x08000420                USB_OTG_BSP_Init
                0x080004dc                USB_OTG_BSP_EnableInterrupt
                0x08000550                USB_OTG_BSP_uDelay
                0x08000598                USB_OTG_BSP_mDelay
                0x080005b8                OTG_HS_WKUP_IRQHandler
                0x080005c8                OTG_HS_IRQHandler
                0x080005d8                OTG_HS_EP1_IN_IRQHandler
                0x080005e8                OTG_HS_EP1_OUT_IRQHandler
 .text          0x080005f8      0x48c ..\obj\stm32f4xx_gpio.o
                0x080005f8                GPIO_DeInit
                0x08000718                GPIO_Init
                0x08000834                GPIO_StructInit
                0x08000868                GPIO_PinLockConfig
                0x080008ac                GPIO_ReadInputDataBit
                0x080008e0                GPIO_ReadInputData
                0x080008fc                GPIO_ReadOutputDataBit
                0x08000930                GPIO_ReadOutputData
                0x0800094c                GPIO_SetBits
                0x08000968                GPIO_ResetBits
                0x08000984                GPIO_WriteBit
                0x080009b4                GPIO_Write
                0x080009d0                GPIO_ToggleBits
                0x080009f4                GPIO_PinAFConfig
 .text          0x08000a84      0x188 ..\obj\misc.o
                0x08000a84                NVIC_PriorityGroupConfig
                0x08000aa8                NVIC_Init
                0x08000b68                NVIC_SetVectorTable
                0x08000b94                NVIC_SystemLPConfig
                0x08000bd4                SysTick_CLKSourceConfig
 .text          0x08000c0c     0x1634 ..\obj\usb_core.o
                0x08000cdc                USB_OTG_WritePacket
                0x08000d54                USB_OTG_ReadPacket
                0x08000dac                USB_OTG_SelectCore
                0x08000f2c                USB_OTG_CoreInit
                0x08001068                USB_OTG_EnableGlobalInt
                0x080010a0                USB_OTG_DisableGlobalInt
                0x080010d8                USB_OTG_FlushTxFifo
                0x08001154                USB_OTG_FlushRxFifo
                0x080011b4                USB_OTG_SetCurrentMode
                0x08001214                USB_OTG_GetMode
                0x08001234                USB_OTG_IsDeviceMode
                0x08001258                USB_OTG_IsHostMode
                0x0800127c                USB_OTG_ReadCoreItr
                0x080012ac                USB_OTG_ReadOtgItr
                0x080012c8                USB_OTG_InitDevSpeed
                0x08001300                USB_OTG_CoreInitDev
                0x080015ac                USB_OTG_EnableDevInt
                0x08001644                USB_OTG_GetDeviceSpeed
                0x0800168c                USB_OTG_EP0Activate
                0x08001704                USB_OTG_EPActivate
                0x08001804                USB_OTG_EPDeactivate
                0x080018b4                USB_OTG_EPStartXfer
                0x08001b34                USB_OTG_EP0StartXfer
                0x08001d08                USB_OTG_EPSetStall
                0x08001d90                USB_OTG_EPClearStall
                0x08001e08                USB_OTG_ReadDevAllOutEp_itr
                0x08001e34                USB_OTG_ReadDevOutEP_itr
                0x08001e6c                USB_OTG_ReadDevAllInEPItr
                0x08001e98                USB_OTG_EP0_OutStart
                0x08001f08                USB_OTG_ActiveRemoteWakeup
                0x08001f94                USB_OTG_UngateClock
                0x08001fe8                USB_OTG_StopDevice
                0x08002068                USB_OTG_GetEPStatus
                0x08002114                USB_OTG_SetEPStatus
 .text          0x08002240      0x32c ..\obj\tm_stm32f4_usb_vcp.o
                0x08002240                TM_USB_VCP_Init
                0x08002298                TM_USB_VCP_BufferEmpty
                0x080022b8                TM_USB_VCP_BufferFull
                0x080022d8                TM_USB_VCP_FindCharacter
                0x08002338                TM_USB_VCP_Getc
                0x080023a4                TM_USB_VCP_Putc
                0x080023cc                TM_USB_VCP_Puts
                0x080023f8                TM_USB_VCP_Send
                0x08002414                TM_USB_VCP_Gets
                0x080024a0                TM_INT_USB_VCP_AddReceived
                0x080024fc                TM_USB_VCP_GetStatus
                0x08002524                TM_USB_VCP_GetSettings
 .text          0x0800256c       0x44 ..\obj\main.o
                0x0800256c                main
 .text          0x080025b0      0x44c ..\obj\usbd_core.o
                0x080025b0                USBD_Init
                0x08002604                USBD_DeInit
                0x08002964                USBD_SetCfg
                0x08002994                USBD_ClrCfg
 .text          0x080029fc       0xc8 ..\obj\usbd_usr.o
                0x080029fc                USBD_USR_Init
                0x08002a14                USBD_USR_DeviceReset
                0x08002a34                USBD_USR_DeviceConfigured
                0x08002a4c                USBD_USR_DeviceSuspended
                0x08002a64                USBD_USR_DeviceResumed
                0x08002a7c                USBD_USR_DeviceConnected
                0x08002a94                USBD_USR_DeviceDisconnected
                0x08002aac                USBD_User_GetStatus
 .text          0x08002ac4      0x590 ..\obj\usb_dcd.o
                0x08002ac4                DCD_Init
                0x08002bc8                DCD_EP_Open
                0x08002c74                DCD_EP_Close
                0x08002ce8                DCD_EP_PrepareRx
                0x08002d6c                DCD_EP_Tx
                0x08002de4                DCD_EP_Stall
                0x08002e5c                DCD_EP_ClrStall
                0x08002ed4                DCD_EP_Flush
                0x08002f08                DCD_EP_SetAddress
                0x08002f44                DCD_DevConnect
                0x08002f70                DCD_DevDisconnect
                0x08002f9c                DCD_GetEPStatus
                0x08002ffc                DCD_SetEPStatus
 .text          0x08003054      0x21c ..\obj\stm32f4xx_exti.o
                0x08003054                EXTI_DeInit
                0x08003088                EXTI_Init
                0x0800316c                EXTI_StructInit
                0x08003198                EXTI_GenerateSWInterrupt
                0x080031bc                EXTI_GetFlagStatus
                0x080031f0                EXTI_ClearFlag
                0x0800320c                EXTI_GetITStatus
                0x08003254                EXTI_ClearITPendingBit
 .text          0x08003270      0xbc8 ..\obj\usb_dcd_int.o
                0x08003270                USBD_OTG_EP1OUT_ISR_Handler
                0x0800330c                USBD_OTG_EP1IN_ISR_Handler
                0x08003438                USBD_OTG_ISR_Handler
 .text          0x08003e38       0x68 ..\obj\stm32f4xx_it.o
                0x08003e38                NMI_Handler
                0x08003e44                HardFault_Handler
                0x08003e4c                MemManage_Handler
                0x08003e54                BusFault_Handler
                0x08003e5c                UsageFault_Handler
                0x08003e64                SVC_Handler
                0x08003e70                DebugMon_Handler
                0x08003e7c                PendSV_Handler
                0x08003e88                TimingDelay_Decrement
                0x08003e94                SysTick_Handler
 .text          0x08003ea0      0x444 ..\obj\usbd_cdc_core.o
 .text          0x080042e4      0x278 ..\obj\system_stm32f4xx.o
                0x080042e4                SystemInit
                0x0800433c                SystemCoreClockUpdate
 .text          0x0800455c      0x9c0 ..\obj\usbd_req.o
                0x0800455c                USBD_StdDevReq
                0x080045fc                USBD_StdItfReq
                0x08004664                USBD_StdEPReq
                0x08004db0                USBD_ParseSetupRequest
                0x08004e40                USBD_CtlError
                0x08004e68                USBD_GetString
 .text          0x08004f1c      0x110 ..\obj\usbd_desc.o
                0x08004f1c                USBD_USR_DeviceDescriptor
                0x08004f40                USBD_USR_LangIDStrDescriptor
                0x08004f64                USBD_USR_ProductStrDescriptor
                0x08004f8c                USBD_USR_ManufacturerStrDescriptor
                0x08004fb4                USBD_USR_SerialStrDescriptor
                0x08004fdc                USBD_USR_ConfigStrDescriptor
                0x08005004                USBD_USR_InterfaceStrDescriptor
 .text          0x0800502c      0x160 ..\obj\usbd_ioreq.o
                0x0800502c                USBD_CtlSendData
                0x0800506c                USBD_CtlContinueSendData
                0x08005094                USBD_CtlPrepareRx
                0x080050d4                USBD_CtlContinueRx
                0x080050fc                USBD_CtlSendStatus
                0x0800512c                USBD_CtlReceiveStatus
                0x0800515c                USBD_GetRxCount
 .text          0x0800518c      0xa80 ..\obj\stm32f4xx_rcc.o
                0x0800518c                RCC_DeInit
                0x080051dc                RCC_HSEConfig
                0x08005200                RCC_WaitForHSEStartUp
                0x08005250                RCC_AdjustHSICalibrationValue
                0x0800528c                RCC_HSICmd
                0x080052ac                RCC_LSEConfig
                0x080052ec                RCC_LSICmd
                0x0800530c                RCC_PLLConfig
                0x08005348                RCC_PLLCmd
                0x08005368                RCC_PLLI2SConfig
                0x08005390                RCC_PLLI2SCmd
                0x080053b0                RCC_ClockSecuritySystemCmd
                0x080053d0                RCC_MCO1Config
                0x0800540c                RCC_MCO2Config
                0x08005448                RCC_SYSCLKConfig
                0x08005480                RCC_GetSYSCLKSource
                0x080054a0                RCC_HCLKConfig
                0x080054d8                RCC_PCLK1Config
                0x08005510                RCC_PCLK2Config
                0x08005548                RCC_GetClocksFreq
                0x0800569c                RCC_RTCCLKConfig
                0x080056f8                RCC_RTCCLKCmd
                0x08005718                RCC_BackupResetCmd
                0x08005738                RCC_I2SCLKConfig
                0x08005754                RCC_AHB1PeriphClockCmd
                0x08005790                RCC_AHB2PeriphClockCmd
                0x080057cc                RCC_AHB3PeriphClockCmd
                0x08005808                RCC_APB1PeriphClockCmd
                0x08005844                RCC_APB2PeriphClockCmd
                0x08005880                RCC_AHB1PeriphResetCmd
                0x080058bc                RCC_AHB2PeriphResetCmd
                0x080058f8                RCC_AHB3PeriphResetCmd
                0x08005934                RCC_APB1PeriphResetCmd
                0x08005970                RCC_APB2PeriphResetCmd
                0x080059ac                RCC_AHB1PeriphClockLPModeCmd
                0x080059e8                RCC_AHB2PeriphClockLPModeCmd
                0x08005a24                RCC_AHB3PeriphClockLPModeCmd
                0x08005a60                RCC_APB1PeriphClockLPModeCmd
                0x08005a9c                RCC_APB2PeriphClockLPModeCmd
                0x08005ad8                RCC_ITConfig
                0x08005b24                RCC_GetFlagStatus
                0x08005b98                RCC_ClearFlag
                0x08005bb4                RCC_GetITStatus
                0x08005bec                RCC_ClearITPendingBit
 *(.text*)
 .text.__libc_init_array
                0x08005c0c       0x50 c:/program files (x86)/gnu tools arm embedded/4.9 2015q3/bin/../lib/gcc/arm-none-eabi/4.9.3/../../../../arm-none-eabi/lib/armv7e-m\libc.a(lib_a-init.o)
                0x08005c0c                __libc_init_array
 .text.startup.register_fini
                0x08005c5c       0x14 c:/program files (x86)/gnu tools arm embedded/4.9 2015q3/bin/../lib/gcc/arm-none-eabi/4.9.3/../../../../arm-none-eabi/lib/armv7e-m\libc.a(lib_a-__call_atexit.o)
 .text.atexit   0x08005c70        0xc c:/program files (x86)/gnu tools arm embedded/4.9 2015q3/bin/../lib/gcc/arm-none-eabi/4.9.3/../../../../arm-none-eabi/lib/armv7e-m\libc.a(lib_a-atexit.o)
                0x08005c70                atexit
 .text.__libc_fini_array
                0x08005c7c       0x2c c:/program files (x86)/gnu tools arm embedded/4.9 2015q3/bin/../lib/gcc/arm-none-eabi/4.9.3/../../../../arm-none-eabi/lib/armv7e-m\libc.a(lib_a-fini.o)
                0x08005c7c                __libc_fini_array
 .text.__register_exitproc
                0x08005ca8       0xa4 c:/program files (x86)/gnu tools arm embedded/4.9 2015q3/bin/../lib/gcc/arm-none-eabi/4.9.3/../../../../arm-none-eabi/lib/armv7e-m\libc.a(lib_a-__atexit.o)
                0x08005ca8                __register_exitproc
 .text.Reset_Handler
                0x08005d4c       0x50 ..\obj\startup_stm32f429xx.o
                0x08005d4c                Reset_Handler
 .text.Default_Handler
                0x08005d9c        0x2 ..\obj\startup_stm32f429xx.o
                0x08005d9c                RTC_Alarm_IRQHandler
                0x08005d9c                HASH_RNG_IRQHandler
                0x08005d9c                EXTI2_IRQHandler
                0x08005d9c                TIM8_CC_IRQHandler
                0x08005d9c                UART8_IRQHandler
                0x08005d9c                SPI4_IRQHandler
                0x08005d9c                TIM1_CC_IRQHandler
                0x08005d9c                DMA2_Stream5_IRQHandler
                0x08005d9c                DMA1_Stream5_IRQHandler
                0x08005d9c                PVD_IRQHandler
                0x08005d9c                SDIO_IRQHandler
                0x08005d9c                TAMP_STAMP_IRQHandler
                0x08005d9c                CAN2_RX1_IRQHandler
                0x08005d9c                EXTI3_IRQHandler
                0x08005d9c                TIM8_TRG_COM_TIM14_IRQHandler
                0x08005d9c                TIM1_UP_TIM10_IRQHandler
                0x08005d9c                TIM8_UP_TIM13_IRQHandler
                0x08005d9c                I2C3_ER_IRQHandler
                0x08005d9c                EXTI0_IRQHandler
                0x08005d9c                I2C2_EV_IRQHandler
                0x08005d9c                DMA1_Stream2_IRQHandler
                0x08005d9c                CAN1_RX0_IRQHandler
                0x08005d9c                FPU_IRQHandler
                0x08005d9c                LTDC_ER_IRQHandler
                0x08005d9c                CAN2_SCE_IRQHandler
                0x08005d9c                DMA2_Stream2_IRQHandler
                0x08005d9c                SPI1_IRQHandler
                0x08005d9c                TIM6_DAC_IRQHandler
                0x08005d9c                TIM1_BRK_TIM9_IRQHandler
                0x08005d9c                DCMI_IRQHandler
                0x08005d9c                CAN2_RX0_IRQHandler
                0x08005d9c                DMA2_Stream3_IRQHandler
                0x08005d9c                USART6_IRQHandler
                0x08005d9c                USART3_IRQHandler
                0x08005d9c                CAN1_RX1_IRQHandler
                0x08005d9c                UART5_IRQHandler
                0x08005d9c                DMA2_Stream0_IRQHandler
                0x08005d9c                TIM4_IRQHandler
                0x08005d9c                I2C1_EV_IRQHandler
                0x08005d9c                DMA1_Stream6_IRQHandler
                0x08005d9c                DMA1_Stream1_IRQHandler
                0x08005d9c                UART4_IRQHandler
                0x08005d9c                TIM3_IRQHandler
                0x08005d9c                RCC_IRQHandler
                0x08005d9c                TIM8_BRK_TIM12_IRQHandler
                0x08005d9c                Default_Handler
                0x08005d9c                EXTI15_10_IRQHandler
                0x08005d9c                ADC_IRQHandler
                0x08005d9c                DMA1_Stream7_IRQHandler
                0x08005d9c                SPI5_IRQHandler
                0x08005d9c                TIM7_IRQHandler
                0x08005d9c                CAN2_TX_IRQHandler
                0x08005d9c                TIM5_IRQHandler
                0x08005d9c                DMA2_Stream7_IRQHandler
                0x08005d9c                I2C3_EV_IRQHandler
                0x08005d9c                EXTI9_5_IRQHandler
                0x08005d9c                RTC_WKUP_IRQHandler
                0x08005d9c                LTDC_IRQHandler
                0x08005d9c                ETH_WKUP_IRQHandler
                0x08005d9c                SPI2_IRQHandler
                0x08005d9c                DMA1_Stream0_IRQHandler
                0x08005d9c                CAN1_TX_IRQHandler
                0x08005d9c                EXTI4_IRQHandler
                0x08005d9c                ETH_IRQHandler
                0x08005d9c                WWDG_IRQHandler
                0x08005d9c                SPI6_IRQHandler
                0x08005d9c                TIM2_IRQHandler
                0x08005d9c                OTG_FS_WKUP_IRQHandler
                0x08005d9c                TIM1_TRG_COM_TIM11_IRQHandler
                0x08005d9c                DMA2D_IRQHandler
                0x08005d9c                EXTI1_IRQHandler
                0x08005d9c                UART7_IRQHandler
                0x08005d9c                USART2_IRQHandler
                0x08005d9c                I2C2_ER_IRQHandler
                0x08005d9c                DMA2_Stream1_IRQHandler
                0x08005d9c                CAN1_SCE_IRQHandler
                0x08005d9c                FLASH_IRQHandler
                0x08005d9c                DMA2_Stream4_IRQHandler
                0x08005d9c                USART1_IRQHandler
                0x08005d9c                OTG_FS_IRQHandler
                0x08005d9c                SPI3_IRQHandler
                0x08005d9c                DMA1_Stream4_IRQHandler
                0x08005d9c                I2C1_ER_IRQHandler
                0x08005d9c                FMC_IRQHandler
                0x08005d9c                DMA2_Stream6_IRQHandler
                0x08005d9c                SAI1_IRQHandler
                0x08005d9c                DMA1_Stream3_IRQHandler
 *(.glue_7)
 .glue_7        0x00000000        0x0 linker stubs
 *(.glue_7t)
 .glue_7t       0x00000000        0x0 linker stubs
 *(.eh_frame)
 *fill*         0x08005d9e        0x2 
 .eh_frame      0x08005da0        0x0 c:/program files (x86)/gnu tools arm embedded/4.9 2015q3/bin/../lib/gcc/arm-none-eabi/4.9.3/armv7e-m/crtbegin.o
 *(.init)
 .init          0x08005da0        0x4 c:/program files (x86)/gnu tools arm embedded/4.9 2015q3/bin/../lib/gcc/arm-none-eabi/4.9.3/armv7e-m/crti.o
                0x08005da0                _init
 .init          0x08005da4        0x8 c:/program files (x86)/gnu tools arm embedded/4.9 2015q3/bin/../lib/gcc/arm-none-eabi/4.9.3/armv7e-m/crtn.o
 *(.fini)
 .fini          0x08005dac        0x4 c:/program files (x86)/gnu tools arm embedded/4.9 2015q3/bin/../lib/gcc/arm-none-eabi/4.9.3/armv7e-m/crti.o
                0x08005dac                _fini
 .fini          0x08005db0        0x8 c:/program files (x86)/gnu tools arm embedded/4.9 2015q3/bin/../lib/gcc/arm-none-eabi/4.9.3/armv7e-m/crtn.o
                0x08005db8                . = ALIGN (0x4)
                0x08005db8                _etext = .

.vfp11_veneer   0x08005db8        0x0
 .vfp11_veneer  0x00000000        0x0 linker stubs

.v4_bx          0x08005db8        0x0
 .v4_bx         0x00000000        0x0 linker stubs

.iplt           0x08005db8        0x0
 .iplt          0x00000000        0x0 c:/program files (x86)/gnu tools arm embedded/4.9 2015q3/bin/../lib/gcc/arm-none-eabi/4.9.3/armv7e-m/crtbegin.o

.rodata         0x08005db8       0x6c
                0x08005db8                . = ALIGN (0x4)
 *(.rodata)
 .rodata        0x08005db8       0x62 ..\obj\usbd_desc.o
 *(.rodata*)
 *fill*         0x08005e1a        0x2 
 .rodata.str1.4
                0x08005e1c        0x4 c:/program files (x86)/gnu tools arm embedded/4.9 2015q3/bin/../lib/gcc/arm-none-eabi/4.9.3/../../../../arm-none-eabi/lib/armv7e-m\libc.a(lib_a-impure.o)
                                  0x2 (size before relaxing)
 .rodata._global_impure_ptr
                0x08005e20        0x4 c:/program files (x86)/gnu tools arm embedded/4.9 2015q3/bin/../lib/gcc/arm-none-eabi/4.9.3/../../../../arm-none-eabi/lib/armv7e-m\libc.a(lib_a-impure.o)
                0x08005e20                _global_impure_ptr
                0x08005e24                . = ALIGN (0x4)

.rel.dyn        0x08005e24        0x0
 .rel.iplt      0x00000000        0x0 c:/program files (x86)/gnu tools arm embedded/4.9 2015q3/bin/../lib/gcc/arm-none-eabi/4.9.3/armv7e-m/crtbegin.o

.ARM.extab
 *(.ARM.extab* .gnu.linkonce.armextab.*)

.ARM            0x08005e24        0x0
                0x08005e24                __exidx_start = .
 *(.ARM.exidx*)
                0x08005e24                __exidx_end = .

.preinit_array  0x08005e24        0x0
                0x08005e24                PROVIDE (__preinit_array_start, .)
 *(.preinit_array*)
                0x08005e24                PROVIDE (__preinit_array_end, .)

.init_array     0x08005e24        0x8
                0x08005e24                PROVIDE (__init_array_start, .)
 *(SORT(.init_array.*))
 .init_array.00000
                0x08005e24        0x4 c:/program files (x86)/gnu tools arm embedded/4.9 2015q3/bin/../lib/gcc/arm-none-eabi/4.9.3/../../../../arm-none-eabi/lib/armv7e-m\libc.a(lib_a-__call_atexit.o)
 *(.init_array*)
 .init_array    0x08005e28        0x4 c:/program files (x86)/gnu tools arm embedded/4.9 2015q3/bin/../lib/gcc/arm-none-eabi/4.9.3/armv7e-m/crtbegin.o
                0x08005e2c                PROVIDE (__init_array_end, .)

.fini_array     0x08005e2c        0x4
                0x08005e2c                PROVIDE (__fini_array_start, .)
 *(SORT(.fini_array.*))
 *(.fini_array*)
 .fini_array    0x08005e2c        0x4 c:/program files (x86)/gnu tools arm embedded/4.9 2015q3/bin/../lib/gcc/arm-none-eabi/4.9.3/armv7e-m/crtbegin.o
                0x08005e30                PROVIDE (__fini_array_end, .)
                0x08005e30                _sidata = LOADADDR (.data)

.data           0x20000000      0x5b8 load address 0x08005e30
                0x20000000                . = ALIGN (0x4)
                0x20000000                _sdata = .
 *(.data)
 .data          0x20000000       0x1c ..\obj\usbd_cdc_vcp.o
                0x20000000                linecoding
                0x20000008                VCP_fops
 .data          0x2000001c       0x30 ..\obj\usbd_core.o
                0x2000001c                USBD_DCD_INT_cb
                0x20000048                USBD_DCD_INT_fops
 .data          0x2000004c       0x20 ..\obj\usbd_usr.o
                0x2000004c                TM_USB_VCP_INT_Status
                0x20000050                USR_cb
 .data          0x2000006c       0xbc ..\obj\usbd_cdc_core.o
                0x2000006c                usbd_cdc_CfgDesc
                0x200000b0                usbd_cdc_OtherCfgDesc
                0x200000f8                USBD_CDC_cb
 .data          0x20000128       0x14 ..\obj\system_stm32f4xx.o
                0x20000128                SystemCoreClock
                0x2000012c                AHBPrescTable
 .data          0x2000013c       0x40 ..\obj\usbd_desc.o
                0x2000013c                USR_desc
                0x20000158                USBD_DeviceDesc
                0x2000016c                USBD_DeviceQualifierDesc
                0x20000178                USBD_LangIDDesc
 .data          0x2000017c       0x10 ..\obj\stm32f4xx_rcc.o
 *(.data*)
 *fill*         0x2000018c        0x4 
 .data.impure_data
                0x20000190      0x428 c:/program files (x86)/gnu tools arm embedded/4.9 2015q3/bin/../lib/gcc/arm-none-eabi/4.9.3/../../../../arm-none-eabi/lib/armv7e-m\libc.a(lib_a-impure.o)
                0x200005b8                . = ALIGN (0x4)
                0x200005b8                _edata = .
                0x080063e8                _siccmram = LOADADDR (.ccmram)

.jcr            0x200005b8        0x0 load address 0x080063e8
 .jcr           0x200005b8        0x0 c:/program files (x86)/gnu tools arm embedded/4.9 2015q3/bin/../lib/gcc/arm-none-eabi/4.9.3/armv7e-m/crtbegin.o

.igot.plt       0x200005b8        0x0 load address 0x080063e8
 .igot.plt      0x00000000        0x0 c:/program files (x86)/gnu tools arm embedded/4.9 2015q3/bin/../lib/gcc/arm-none-eabi/4.9.3/armv7e-m/crtbegin.o

.ccmram         0x10000000        0x0 load address 0x080063e8
                0x10000000                . = ALIGN (0x4)
                0x10000000                _sccmram = .
 *(.ccmram)
 *(.ccmram*)
                0x10000000                . = ALIGN (0x4)
                0x10000000                _eccmram = .
                0x10000000                . = ALIGN (0x4)

.bss            0x200005b8     0x1020
                0x200005b8                _sbss = .
                0x200005b8                __bss_start__ = _sbss
 *(.bss)
 .bss           0x200005b8       0x1c c:/program files (x86)/gnu tools arm embedded/4.9 2015q3/bin/../lib/gcc/arm-none-eabi/4.9.3/armv7e-m/crtbegin.o
 .bss           0x200005d4        0x1 ..\obj\tm_stm32f4_usb_vcp.o
                0x200005d4                TM_USB_VCP_INT_Init
 *fill*         0x200005d5        0x3 
 .bss           0x200005d8       0x1c ..\obj\usbd_cdc_core.o
                0x200005dc                APP_Rx_ptr_in
                0x200005e0                APP_Rx_ptr_out
                0x200005e4                APP_Rx_length
                0x200005e8                USB_Tx_State
 .bss           0x200005f4        0xd ..\obj\usbd_req.o
                0x200005f4                USBD_ep_status
                0x200005f8                USBD_default_cfg
                0x200005fc                USBD_cfg_status
 *(.bss*)
 *(COMMON)
 *fill*         0x20000601        0x3 
 COMMON         0x20000604      0x680 ..\obj\tm_stm32f4_usb_vcp.o
                0x20000604                tm_int_usb_vcp_buf_in
                0x20000608                tm_int_usb_vcp_buf_num
                0x2000060c                tm_int_usb_vcp_buf_out
                0x20000610                TM_INT_USB_VCP_ReceiveBuffer
                0x20000690                USB_OTG_dev
 COMMON         0x20000c84        0x8 ..\obj\main.o
                0x20000c84                ticker
                0x20000c88                downTicker
 COMMON         0x20000c8c        0x4 ..\obj\usbd_core.o
                0x20000c8c                SET_TEST_MODE
 COMMON         0x20000c90      0x848 ..\obj\usbd_cdc_core.o
                0x20000c90                USB_Rx_Buffer
                0x20000cd0                CmdBuff
                0x20000cd8                APP_Rx_Buffer
 COMMON         0x200014d8       0xff ..\obj\usbd_req.o
                0x200014d8                USBD_StrDesc
                0x200015d8                . = ALIGN (0x4)
 *fill*         0x200015d7        0x1 
                0x200015d8                _ebss = .
                0x200015d8                __bss_end__ = _ebss

._user_heap_stack
                0x200015d8      0x600
                0x200015d8                . = ALIGN (0x4)
                0x200015d8                PROVIDE (end, .)
                0x200015d8                PROVIDE (_end, .)
                0x200015d8                PROVIDE (__end__, .)
                0x200017d8                . = (. + _Min_Heap_Size)
 *fill*         0x200015d8      0x200 
                0x20001bd8                . = (. + _Min_Stack_Size)
 *fill*         0x200017d8      0x400 
                0x20001bd8                . = ALIGN (0x4)

/DISCARD/
 libc.a(*)
 libm.a(*)
 libgcc.a(*)

.ARM.attributes
                0x00000000       0x2a
 *(.ARM.attributes)
 .ARM.attributes
                0x00000000       0x1e c:/program files (x86)/gnu tools arm embedded/4.9 2015q3/bin/../lib/gcc/arm-none-eabi/4.9.3/armv7e-m/crti.o
 .ARM.attributes
                0x0000001e       0x2e c:/program files (x86)/gnu tools arm embedded/4.9 2015q3/bin/../lib/gcc/arm-none-eabi/4.9.3/armv7e-m/crtbegin.o
 .ARM.attributes
                0x0000004c       0x33 ..\obj\usbd_cdc_vcp.o
 .ARM.attributes
                0x0000007f       0x33 ..\obj\usb_bsp.o
 .ARM.attributes
                0x000000b2       0x33 ..\obj\stm32f4xx_gpio.o
 .ARM.attributes
                0x000000e5       0x33 ..\obj\misc.o
 .ARM.attributes
                0x00000118       0x33 ..\obj\usb_core.o
 .ARM.attributes
                0x0000014b       0x33 ..\obj\tm_stm32f4_usb_vcp.o
 .ARM.attributes
                0x0000017e       0x33 ..\obj\main.o
 .ARM.attributes
                0x000001b1       0x33 ..\obj\usbd_core.o
 .ARM.attributes
                0x000001e4       0x33 ..\obj\usbd_usr.o
 .ARM.attributes
                0x00000217       0x33 ..\obj\usb_dcd.o
 .ARM.attributes
                0x0000024a       0x33 ..\obj\stm32f4xx_exti.o
 .ARM.attributes
                0x0000027d       0x33 ..\obj\usb_dcd_int.o
 .ARM.attributes
                0x000002b0       0x33 ..\obj\stm32f4xx_it.o
 .ARM.attributes
                0x000002e3       0x33 ..\obj\usbd_cdc_core.o
 .ARM.attributes
                0x00000316       0x33 ..\obj\system_stm32f4xx.o
 .ARM.attributes
                0x00000349       0x33 ..\obj\usbd_req.o
 .ARM.attributes
                0x0000037c       0x33 ..\obj\usbd_desc.o
 .ARM.attributes
                0x000003af       0x33 ..\obj\usbd_ioreq.o
 .ARM.attributes
                0x000003e2       0x21 ..\obj\startup_stm32f429xx.o
 .ARM.attributes
                0x00000403       0x33 ..\obj\stm32f4xx_rcc.o
 .ARM.attributes
                0x00000436       0x1e c:/program files (x86)/gnu tools arm embedded/4.9 2015q3/bin/../lib/gcc/arm-none-eabi/4.9.3/armv7e-m/crtn.o
LOAD ..\obj\usbd_cdc_vcp.o
LOAD ..\obj\usb_bsp.o
LOAD ..\obj\stm32f4xx_gpio.o
LOAD ..\obj\misc.o
LOAD ..\obj\usb_core.o
LOAD ..\obj\tm_stm32f4_usb_vcp.o
LOAD ..\obj\main.o
LOAD ..\obj\usbd_core.o
LOAD ..\obj\usbd_usr.o
LOAD ..\obj\stm32f4xx_usart.o
LOAD ..\obj\usb_dcd.o
LOAD ..\obj\stm32f4xx_exti.o
LOAD ..\obj\usb_dcd_int.o
LOAD ..\obj\stm32f4xx_it.o
LOAD ..\obj\usbd_cdc_core.o
LOAD ..\obj\system_stm32f4xx.o
LOAD ..\obj\usbd_req.o
LOAD ..\obj\usbd_desc.o
LOAD ..\obj\usbd_ioreq.o
LOAD ..\obj\startup_stm32f429xx.o
LOAD ..\obj\stm32f4xx_rcc.o
START GROUP
LOAD c:/program files (x86)/gnu tools arm embedded/4.9 2015q3/bin/../lib/gcc/arm-none-eabi/4.9.3/armv7e-m\libgcc.a
LOAD c:/program files (x86)/gnu tools arm embedded/4.9 2015q3/bin/../lib/gcc/arm-none-eabi/4.9.3/../../../../arm-none-eabi/lib/armv7e-m\libg.a
LOAD c:/program files (x86)/gnu tools arm embedded/4.9 2015q3/bin/../lib/gcc/arm-none-eabi/4.9.3/../../../../arm-none-eabi/lib/armv7e-m\libc.a
END GROUP
LOAD c:/program files (x86)/gnu tools arm embedded/4.9 2015q3/bin/../lib/gcc/arm-none-eabi/4.9.3/armv7e-m/crtend.o
LOAD c:/program files (x86)/gnu tools arm embedded/4.9 2015q3/bin/../lib/gcc/arm-none-eabi/4.9.3/armv7e-m/crtn.o
OUTPUT(STM32F429_USB_VCP.elf elf32-littlearm)

.debug_info     0x00000000     0xdbaa
 .debug_info    0x00000000      0x318 ..\obj\usbd_cdc_vcp.o
 .debug_info    0x00000318     0x1060 ..\obj\usb_bsp.o
 .debug_info    0x00001378      0x605 ..\obj\stm32f4xx_gpio.o
 .debug_info    0x0000197d      0x53d ..\obj\misc.o
 .debug_info    0x00001eba     0x2490 ..\obj\usb_core.o
 .debug_info    0x0000434a      0xe7b ..\obj\tm_stm32f4_usb_vcp.o
 .debug_info    0x000051c5      0x1db ..\obj\main.o
 .debug_info    0x000053a0      0xfef ..\obj\usbd_core.o
 .debug_info    0x0000638f      0x246 ..\obj\usbd_usr.o
 .debug_info    0x000065d5     0x104c ..\obj\usb_dcd.o
 .debug_info    0x00007621      0x347 ..\obj\stm32f4xx_exti.o
 .debug_info    0x00007968     0x1e52 ..\obj\usb_dcd_int.o
 .debug_info    0x000097ba      0x140 ..\obj\stm32f4xx_it.o
 .debug_info    0x000098fa      0xf59 ..\obj\usbd_cdc_core.o
 .debug_info    0x0000a853      0x5d6 ..\obj\system_stm32f4xx.o
 .debug_info    0x0000ae29     0x1003 ..\obj\usbd_req.o
 .debug_info    0x0000be2c      0x35d ..\obj\usbd_desc.o
 .debug_info    0x0000c189      0xce4 ..\obj\usbd_ioreq.o
 .debug_info    0x0000ce6d       0xbc ..\obj\startup_stm32f429xx.o
 .debug_info    0x0000cf29      0xc81 ..\obj\stm32f4xx_rcc.o

.debug_abbrev   0x00000000     0x213b
 .debug_abbrev  0x00000000      0x179 ..\obj\usbd_cdc_vcp.o
 .debug_abbrev  0x00000179      0x202 ..\obj\usb_bsp.o
 .debug_abbrev  0x0000037b      0x1a3 ..\obj\stm32f4xx_gpio.o
 .debug_abbrev  0x0000051e      0x145 ..\obj\misc.o
 .debug_abbrev  0x00000663      0x2e7 ..\obj\usb_core.o
 .debug_abbrev  0x0000094a      0x212 ..\obj\tm_stm32f4_usb_vcp.o
 .debug_abbrev  0x00000b5c       0xd1 ..\obj\main.o
 .debug_abbrev  0x00000c2d      0x275 ..\obj\usbd_core.o
 .debug_abbrev  0x00000ea2      0x10f ..\obj\usbd_usr.o
 .debug_abbrev  0x00000fb1      0x259 ..\obj\usb_dcd.o
 .debug_abbrev  0x0000120a      0x1a5 ..\obj\stm32f4xx_exti.o
 .debug_abbrev  0x000013af      0x26a ..\obj\usb_dcd_int.o
 .debug_abbrev  0x00001619       0x7d ..\obj\stm32f4xx_it.o
 .debug_abbrev  0x00001696      0x226 ..\obj\usbd_cdc_core.o
 .debug_abbrev  0x000018bc      0x136 ..\obj\system_stm32f4xx.o
 .debug_abbrev  0x000019f2      0x2a4 ..\obj\usbd_req.o
 .debug_abbrev  0x00001c96      0x101 ..\obj\usbd_desc.o
 .debug_abbrev  0x00001d97      0x1af ..\obj\usbd_ioreq.o
 .debug_abbrev  0x00001f46       0x12 ..\obj\startup_stm32f429xx.o
 .debug_abbrev  0x00001f58      0x1e3 ..\obj\stm32f4xx_rcc.o

.debug_aranges  0x00000000      0x288
 .debug_aranges
                0x00000000       0x20 ..\obj\usbd_cdc_vcp.o
 .debug_aranges
                0x00000020       0x20 ..\obj\usb_bsp.o
 .debug_aranges
                0x00000040       0x20 ..\obj\stm32f4xx_gpio.o
 .debug_aranges
                0x00000060       0x20 ..\obj\misc.o
 .debug_aranges
                0x00000080       0x20 ..\obj\usb_core.o
 .debug_aranges
                0x000000a0       0x20 ..\obj\tm_stm32f4_usb_vcp.o
 .debug_aranges
                0x000000c0       0x20 ..\obj\main.o
 .debug_aranges
                0x000000e0       0x20 ..\obj\usbd_core.o
 .debug_aranges
                0x00000100       0x20 ..\obj\usbd_usr.o
 .debug_aranges
                0x00000120       0x20 ..\obj\usb_dcd.o
 .debug_aranges
                0x00000140       0x20 ..\obj\stm32f4xx_exti.o
 .debug_aranges
                0x00000160       0x20 ..\obj\usb_dcd_int.o
 .debug_aranges
                0x00000180       0x20 ..\obj\stm32f4xx_it.o
 .debug_aranges
                0x000001a0       0x20 ..\obj\usbd_cdc_core.o
 .debug_aranges
                0x000001c0       0x20 ..\obj\system_stm32f4xx.o
 .debug_aranges
                0x000001e0       0x20 ..\obj\usbd_req.o
 .debug_aranges
                0x00000200       0x20 ..\obj\usbd_desc.o
 .debug_aranges
                0x00000220       0x20 ..\obj\usbd_ioreq.o
 .debug_aranges
                0x00000240       0x28 ..\obj\startup_stm32f429xx.o
 .debug_aranges
                0x00000268       0x20 ..\obj\stm32f4xx_rcc.o

.debug_line     0x00000000     0x3b5d
 .debug_line    0x00000000      0x258 ..\obj\usbd_cdc_vcp.o
 .debug_line    0x00000258      0x363 ..\obj\usb_bsp.o
 .debug_line    0x000005bb      0x3b4 ..\obj\stm32f4xx_gpio.o
 .debug_line    0x0000096f      0x32f ..\obj\misc.o
 .debug_line    0x00000c9e      0x585 ..\obj\usb_core.o
 .debug_line    0x00001223      0x32f ..\obj\tm_stm32f4_usb_vcp.o
 .debug_line    0x00001552      0x245 ..\obj\main.o
 .debug_line    0x00001797      0x2e3 ..\obj\usbd_core.o
 .debug_line    0x00001a7a      0x25d ..\obj\usbd_usr.o
 .debug_line    0x00001cd7      0x2fe ..\obj\usb_dcd.o
 .debug_line    0x00001fd5      0x368 ..\obj\stm32f4xx_exti.o
 .debug_line    0x0000233d      0x3a1 ..\obj\usb_dcd_int.o
 .debug_line    0x000026de      0x1e4 ..\obj\stm32f4xx_it.o
 .debug_line    0x000028c2      0x29e ..\obj\usbd_cdc_core.o
 .debug_line    0x00002b60      0x2bf ..\obj\system_stm32f4xx.o
 .debug_line    0x00002e1f      0x3b2 ..\obj\usbd_req.o
 .debug_line    0x000031d1      0x21c ..\obj\usbd_desc.o
 .debug_line    0x000033ed      0x238 ..\obj\usbd_ioreq.o
 .debug_line    0x00003625       0xa7 ..\obj\startup_stm32f429xx.o
 .debug_line    0x000036cc      0x491 ..\obj\stm32f4xx_rcc.o

.debug_str      0x00000000     0x3cdd
 .debug_str     0x00000000      0x26d ..\obj\usbd_cdc_vcp.o
                                0x2cc (size before relaxing)
 .debug_str     0x0000026d      0xf28 ..\obj\usb_bsp.o
                               0x11af (size before relaxing)
 .debug_str     0x00001195      0x1ef ..\obj\stm32f4xx_gpio.o
                                0x4d2 (size before relaxing)
 .debug_str     0x00001384      0x232 ..\obj\misc.o
                                0x3fd (size before relaxing)
 .debug_str     0x000015b6      0xc12 ..\obj\usb_core.o
                               0x16ac (size before relaxing)
 .debug_str     0x000021c8      0x329 ..\obj\tm_stm32f4_usb_vcp.o
                                0xc8c (size before relaxing)
 .debug_str     0x000024f1       0x55 ..\obj\main.o
                                0x1e2 (size before relaxing)
 .debug_str     0x00002546      0x1b5 ..\obj\usbd_core.o
                                0xbc4 (size before relaxing)
 .debug_str     0x000026fb      0x169 ..\obj\usbd_usr.o
                                0x41b (size before relaxing)
 .debug_str     0x00002864      0x141 ..\obj\usb_dcd.o
                                0xb74 (size before relaxing)
 .debug_str     0x000029a5      0x21c ..\obj\stm32f4xx_exti.o
                                0x388 (size before relaxing)
 .debug_str     0x00002bc1      0x2f5 ..\obj\usb_dcd_int.o
                               0x1358 (size before relaxing)
 .debug_str     0x00002eb6       0xec ..\obj\stm32f4xx_it.o
                                0x201 (size before relaxing)
 .debug_str     0x00002fa2      0x1df ..\obj\usbd_cdc_core.o
                                0xb78 (size before relaxing)
 .debug_str     0x00003181      0x1d4 ..\obj\system_stm32f4xx.o
                                0x3c7 (size before relaxing)
 .debug_str     0x00003355      0x1a7 ..\obj\usbd_req.o
                                0xb69 (size before relaxing)
 .debug_str     0x000034fc      0x147 ..\obj\usbd_desc.o
                                0x399 (size before relaxing)
 .debug_str     0x00003643       0xee ..\obj\usbd_ioreq.o
                                0xa00 (size before relaxing)
 .debug_str     0x00003731      0x5ac ..\obj\stm32f4xx_rcc.o
                                0x8a4 (size before relaxing)

.comment        0x00000000       0x70
 .comment       0x00000000       0x70 ..\obj\usbd_cdc_vcp.o
                                 0x71 (size before relaxing)
 .comment       0x00000000       0x71 ..\obj\usb_bsp.o
 .comment       0x00000000       0x71 ..\obj\stm32f4xx_gpio.o
 .comment       0x00000000       0x71 ..\obj\misc.o
 .comment       0x00000000       0x71 ..\obj\usb_core.o
 .comment       0x00000000       0x71 ..\obj\tm_stm32f4_usb_vcp.o
 .comment       0x00000000       0x71 ..\obj\main.o
 .comment       0x00000000       0x71 ..\obj\usbd_core.o
 .comment       0x00000000       0x71 ..\obj\usbd_usr.o
 .comment       0x00000000       0x71 ..\obj\usb_dcd.o
 .comment       0x00000000       0x71 ..\obj\stm32f4xx_exti.o
 .comment       0x00000000       0x71 ..\obj\usb_dcd_int.o
 .comment       0x00000000       0x71 ..\obj\stm32f4xx_it.o
 .comment       0x00000000       0x71 ..\obj\usbd_cdc_core.o
 .comment       0x00000000       0x71 ..\obj\system_stm32f4xx.o
 .comment       0x00000000       0x71 ..\obj\usbd_req.o
 .comment       0x00000000       0x71 ..\obj\usbd_desc.o
 .comment       0x00000000       0x71 ..\obj\usbd_ioreq.o
 .comment       0x00000000       0x71 ..\obj\stm32f4xx_rcc.o

.debug_frame    0x00000000     0x231c
 .debug_frame   0x00000000       0xc4 ..\obj\usbd_cdc_vcp.o
 .debug_frame   0x000000c4      0x114 ..\obj\usb_bsp.o
 .debug_frame   0x000001d8      0x23c ..\obj\stm32f4xx_gpio.o
 .debug_frame   0x00000414       0xd8 ..\obj\misc.o
 .debug_frame   0x000004ec      0x584 ..\obj\usb_core.o
 .debug_frame   0x00000a70      0x1c4 ..\obj\tm_stm32f4_usb_vcp.o
 .debug_frame   0x00000c34       0x2c ..\obj\main.o
 .debug_frame   0x00000c60      0x210 ..\obj\usbd_core.o
 .debug_frame   0x00000e70      0x118 ..\obj\usbd_usr.o
 .debug_frame   0x00000f88      0x1e8 ..\obj\usb_dcd.o
 .debug_frame   0x00001170      0x148 ..\obj\stm32f4xx_exti.o
 .debug_frame   0x000012b8      0x230 ..\obj\usb_dcd_int.o
 .debug_frame   0x000014e8      0x12c ..\obj\stm32f4xx_it.o
 .debug_frame   0x00001614      0x180 ..\obj\usbd_cdc_core.o
 .debug_frame   0x00001794       0x7c ..\obj\system_stm32f4xx.o
 .debug_frame   0x00001810      0x214 ..\obj\usbd_req.o
 .debug_frame   0x00001a24      0x114 ..\obj\usbd_desc.o
 .debug_frame   0x00001b38      0x110 ..\obj\usbd_ioreq.o
 .debug_frame   0x00001c48      0x6d4 ..\obj\stm32f4xx_rcc.o

.debug_ranges   0x00000000       0x20
 .debug_ranges  0x00000000       0x20 ..\obj\startup_stm32f429xx.o
